Copyright 1986-2022 Xilinx, Inc. All Rights Reserved. Copyright 2022-2025 Advanced Micro Devices, Inc. All Rights Reserved.
--------------------------------------------------------------------------------------------------------------------------------------------------
| Tool Version      : Vivado v.2025.1 (lin64) Build 6140274 Wed May 21 22:58:25 MDT 2025
| Date              : Sun Sep 20 18:45:01 2026
| Host              : frank-Legion-T7-34IMZ5 running 64-bit Ubuntu 24.04.5 LTS
| Command           : report_timing_summary -file /home/frank/shuqian/eda-bench/TurboVLA/hardware/vivado_kr260/build/timing_summary.rpt
| Design            : turbovla_kr260_wrapper
| Device            : xck26-sfvc784
| Speed File        : -2LV  PRODUCTION 1.30 05-15-2022
| Design State      : Routed
| Temperature Grade : C
--------------------------------------------------------------------------------------------------------------------------------------------------

Timing Summary Report

------------------------------------------------------------------------------------------------
| Timer Settings
| --------------
------------------------------------------------------------------------------------------------

  Enable Multi Corner Analysis               :  Yes
  Enable Pessimism Removal                   :  Yes
  Pessimism Removal Resolution               :  Nearest Common Node
  Enable Input Delay Default Clock           :  No
  Enable Preset / Clear Arcs                 :  No
  Disable Flight Delays                      :  No
  Ignore I/O Paths                           :  No
  Timing Early Launch at Borrowing Latches   :  No
  Borrow Time for Max Delay Exceptions       :  Yes
  Merge Timing Exceptions                    :  Yes
  Inter-SLR Compensation                     :  Conservative

  Corner  Analyze    Analyze    
  Name    Max Paths  Min Paths  
  ------  ---------  ---------  
  Slow    Yes        Yes        
  Fast    Yes        Yes        


------------------------------------------------------------------------------------------------
| Report Methodology
| ------------------
------------------------------------------------------------------------------------------------

No report available as report_methodology has not been run prior. Run report_methodology on the current design for the summary of methodology violations.



check_timing report

Table of Contents
-----------------
1. checking no_clock (0)
2. checking constant_clock (0)
3. checking pulse_width_clock (0)
4. checking unconstrained_internal_endpoints (0)
5. checking no_input_delay (0)
6. checking no_output_delay (0)
7. checking multiple_clock (0)
8. checking generated_clocks (0)
9. checking loops (0)
10. checking partial_input_delay (0)
11. checking partial_output_delay (0)
12. checking latch_loops (0)

1. checking no_clock (0)
------------------------
 There are 0 register/latch pins with no clock.


2. checking constant_clock (0)
------------------------------
 There are 0 register/latch pins with constant_clock.


3. checking pulse_width_clock (0)
---------------------------------
 There are 0 register/latch pins which need pulse_width check


4. checking unconstrained_internal_endpoints (0)
------------------------------------------------
 There are 0 pins that are not constrained for maximum delay.

 There are 0 pins that are not constrained for maximum delay due to constant clock.


5. checking no_input_delay (0)
------------------------------
 There are 0 input ports with no input delay specified.

 There are 0 input ports with no input delay but user has a false path constraint.


6. checking no_output_delay (0)
-------------------------------
 There are 0 ports with no output delay specified.

 There are 0 ports with no output delay but user has a false path constraint

 There are 0 ports with no output delay but with a timing clock defined on it or propagating through it


7. checking multiple_clock (0)
------------------------------
 There are 0 register/latch pins with multiple clocks.


8. checking generated_clocks (0)
--------------------------------
 There are 0 generated clocks that are not connected to a clock source.


9. checking loops (0)
---------------------
 There are 0 combinational loops in the design.


10. checking partial_input_delay (0)
------------------------------------
 There are 0 input ports with partial input delay specified.


11. checking partial_output_delay (0)
-------------------------------------
 There are 0 ports with partial output delay specified.


12. checking latch_loops (0)
----------------------------
 There are 0 combinational latch loops in the design through latch input



------------------------------------------------------------------------------------------------
| Design Timing Summary
| ---------------------
------------------------------------------------------------------------------------------------

    WNS(ns)      TNS(ns)  TNS Failing Endpoints  TNS Total Endpoints      WHS(ns)      THS(ns)  THS Failing Endpoints  THS Total Endpoints     WPWS(ns)     TPWS(ns)  TPWS Failing Endpoints  TPWS Total Endpoints  
    -------      -------  ---------------------  -------------------      -------      -------  ---------------------  -------------------     --------     --------  ----------------------  --------------------  
      3.476        0.000                      0               109686        0.010        0.000                      0               109686        3.654        0.000                       0                 36859  


All user specified timing constraints are met.


------------------------------------------------------------------------------------------------
| Clock Summary
| -------------
------------------------------------------------------------------------------------------------

Clock     Waveform(ns)       Period(ns)      Frequency(MHz)
-----     ------------       ----------      --------------
clk_pl_0  {0.000 5.156}      10.312          96.974          


------------------------------------------------------------------------------------------------
| Intra Clock Table
| -----------------
------------------------------------------------------------------------------------------------

Clock             WNS(ns)      TNS(ns)  TNS Failing Endpoints  TNS Total Endpoints      WHS(ns)      THS(ns)  THS Failing Endpoints  THS Total Endpoints     WPWS(ns)     TPWS(ns)  TPWS Failing Endpoints  TPWS Total Endpoints  
-----             -------      -------  ---------------------  -------------------      -------      -------  ---------------------  -------------------     --------     --------  ----------------------  --------------------  
clk_pl_0            3.476        0.000                      0               109686        0.010        0.000                      0               109686        3.654        0.000                       0                 36859  


------------------------------------------------------------------------------------------------
| Inter Clock Table
| -----------------
------------------------------------------------------------------------------------------------

From Clock    To Clock          WNS(ns)      TNS(ns)  TNS Failing Endpoints  TNS Total Endpoints      WHS(ns)      THS(ns)  THS Failing Endpoints  THS Total Endpoints  
----------    --------          -------      -------  ---------------------  -------------------      -------      -------  ---------------------  -------------------  


------------------------------------------------------------------------------------------------
| Other Path Groups Table
| -----------------------
------------------------------------------------------------------------------------------------

Path Group    From Clock    To Clock          WNS(ns)      TNS(ns)  TNS Failing Endpoints  TNS Total Endpoints      WHS(ns)      THS(ns)  THS Failing Endpoints  THS Total Endpoints  
----------    ----------    --------          -------      -------  ---------------------  -------------------      -------      -------  ---------------------  -------------------  


------------------------------------------------------------------------------------------------
| Timing Details
| --------------
------------------------------------------------------------------------------------------------


---------------------------------------------------------------------------------------------------
From Clock:  clk_pl_0
  To Clock:  clk_pl_0

Setup :            0  Failing Endpoints,  Worst Slack        3.476ns,  Total Violation        0.000ns
Hold  :            0  Failing Endpoints,  Worst Slack        0.010ns,  Total Violation        0.000ns
PW    :            0  Failing Endpoints,  Worst Slack        3.654ns,  Total Violation        0.000ns
---------------------------------------------------------------------------------------------------


Max Delay Paths
--------------------------------------------------------------------------------------
Slack (MET) :             3.476ns  (required time - arrival time)
  Source:                 <hidden>
                            (rising edge-triggered cell FDRE clocked by clk_pl_0  {rise@0.000ns fall@5.156ns period=10.312ns})
  Destination:            <hidden>
                            (rising edge-triggered cell FDRE clocked by clk_pl_0  {rise@0.000ns fall@5.156ns period=10.312ns})
  Path Group:             clk_pl_0
  Path Type:              Setup (Max at Slow Process Corner)
  Requirement:            10.312ns  (clk_pl_0 rise@10.312ns - clk_pl_0 rise@0.000ns)
  Data Path Delay:        6.489ns  (logic 3.550ns (54.707%)  route 2.939ns (45.293%))
  Logic Levels:           25  (CARRY8=20 LUT2=1 LUT3=4)
  Clock Path Skew:        -0.032ns (DCD - SCD + CPR)
    Destination Clock Delay (DCD):    2.920ns = ( 13.232 - 10.312 ) 
    Source Clock Delay      (SCD):    3.247ns
    Clock Pessimism Removal (CPR):    0.295ns
  Clock Uncertainty:      0.359ns  ((TSJ^2 + DJ^2)^1/2) / 2 + PE + UU
    Total System Jitter     (TSJ):    0.071ns
    Discrete Jitter          (DJ):    0.310ns
    Phase Error              (PE):    0.000ns
    User Uncertainty         (UU):    0.200ns
  Clock Net Delay (Source):      2.980ns (routing 1.584ns, distribution 1.396ns)
  Clock Net Delay (Destination): 2.704ns (routing 1.450ns, distribution 1.254ns)

    Location             Delay type                Incr(ns)  Path(ns)    Netlist Resource(s)
  -------------------------------------------------------------------    -------------------
                         (clock clk_pl_0 rise edge)
                                                      0.000     0.000 r  
    PS8_X0Y0             PS8                          0.000     0.000 r  turbovla_kr260_i/ps/inst/PS8_i/PLCLK[0]
                         net (fo=1, routed)           0.229     0.229    turbovla_kr260_i/ps/inst/pl_clk_unbuffered[0]
    BUFG_PS_X0Y80        BUFG_PS (Prop_BUFG_PS_I_O)
                                                      0.038     0.267 r  turbovla_kr260_i/ps/inst/buffer_pl_clk_0.PL_CLK_0_BUFG/O
    X1Y1 (CLOCK_ROOT)    net (fo=37001, routed)       2.980     3.247    <hidden>
    SLICE_X42Y86         FDRE                                         r  <hidden>
  -------------------------------------------------------------------    -------------------
    SLICE_X42Y86         FDRE (Prop_AFF_SLICEL_C_Q)
                                                      0.114     3.361 r  <hidden>
                         net (fo=27, routed)          0.361     3.722    <hidden>
    SLICE_X43Y82         LUT3 (Prop_F6LUT_SLICEM_I0_O)
                                                      0.224     3.946 r  <hidden>
                         net (fo=1, routed)           0.029     3.975    <hidden>
    SLICE_X43Y82         CARRY8 (Prop_CARRY8_SLICEM_S[5]_CO[7])
                                                      0.238     4.213 r  <hidden>
                         net (fo=1, routed)           0.030     4.243    <hidden>
    SLICE_X43Y83         CARRY8 (Prop_CARRY8_SLICEM_CI_CO[7])
                                                      0.065     4.308 r  <hidden>
                         net (fo=1, routed)           0.030     4.338    <hidden>
    SLICE_X43Y84         CARRY8 (Prop_CARRY8_SLICEM_CI_CO[7])
                                                      0.065     4.403 r  <hidden>
                         net (fo=1, routed)           0.030     4.433    <hidden>
    SLICE_X43Y85         CARRY8 (Prop_CARRY8_SLICEM_CI_O[0])
                                                      0.086     4.519 r  <hidden>
                         net (fo=27, routed)          0.631     5.149    <hidden>
    SLICE_X45Y81         LUT3 (Prop_B6LUT_SLICEM_I0_O)
                                                      0.188     5.337 r  <hidden>
                         net (fo=1, routed)           0.022     5.359    <hidden>
    SLICE_X45Y81         CARRY8 (Prop_CARRY8_SLICEM_S[1]_CO[7])
                                                      0.267     5.626 r  <hidden>
                         net (fo=1, routed)           0.030     5.656    <hidden>
    SLICE_X45Y82         CARRY8 (Prop_CARRY8_SLICEM_CI_CO[7])
                                                      0.065     5.721 r  <hidden>
                         net (fo=1, routed)           0.030     5.751    <hidden>
    SLICE_X45Y83         CARRY8 (Prop_CARRY8_SLICEM_CI_CO[7])
                                                      0.065     5.816 r  <hidden>
                         net (fo=1, routed)           0.030     5.846    <hidden>
    SLICE_X45Y84         CARRY8 (Prop_CARRY8_SLICEM_CI_O[0])
                                                      0.086     5.932 r  <hidden>
                         net (fo=27, routed)          0.589     6.522    <hidden>
    SLICE_X41Y81         LUT3 (Prop_B6LUT_SLICEM_I0_O)
                                                      0.225     6.747 r  <hidden>
                         net (fo=1, routed)           0.022     6.769    <hidden>
    SLICE_X41Y81         CARRY8 (Prop_CARRY8_SLICEM_S[1]_CO[7])
                                                      0.267     7.036 r  <hidden>
                         net (fo=1, routed)           0.030     7.066    <hidden>
    SLICE_X41Y82         CARRY8 (Prop_CARRY8_SLICEM_CI_CO[7])
                                                      0.065     7.131 r  <hidden>
                         net (fo=1, routed)           0.030     7.161    <hidden>
    SLICE_X41Y83         CARRY8 (Prop_CARRY8_SLICEM_CI_CO[7])
                                                      0.065     7.226 r  <hidden>
                         net (fo=1, routed)           0.030     7.256    <hidden>
    SLICE_X41Y84         CARRY8 (Prop_CARRY8_SLICEM_CI_O[0])
                                                      0.086     7.342 r  <hidden>
                         net (fo=27, routed)          0.376     7.718    <hidden>
    SLICE_X40Y80         LUT2 (Prop_A6LUT_SLICEM_I0_O)
                                                      0.189     7.907 r  <hidden>
                         net (fo=1, routed)           0.017     7.924    <hidden>
    SLICE_X40Y80         CARRY8 (Prop_CARRY8_SLICEM_S[0]_CO[7])
                                                      0.281     8.205 r  <hidden>
                         net (fo=1, routed)           0.030     8.235    <hidden>
    SLICE_X40Y81         CARRY8 (Prop_CARRY8_SLICEM_CI_CO[7])
                                                      0.065     8.300 r  <hidden>
                         net (fo=1, routed)           0.030     8.330    <hidden>
    SLICE_X40Y82         CARRY8 (Prop_CARRY8_SLICEM_CI_CO[7])
                                                      0.065     8.395 r  <hidden>
                         net (fo=1, routed)           0.030     8.425    <hidden>
    SLICE_X40Y83         CARRY8 (Prop_CARRY8_SLICEM_CI_O[0])
                                                      0.086     8.511 r  <hidden>
                         net (fo=27, routed)          0.397     8.908    <hidden>
    SLICE_X42Y79         LUT3 (Prop_B6LUT_SLICEL_I0_O)
                                                      0.224     9.132 r  <hidden>
                         net (fo=1, routed)           0.013     9.145    <hidden>
    SLICE_X42Y79         CARRY8 (Prop_CARRY8_SLICEL_S[1]_CO[7])
                                                      0.261     9.406 r  <hidden>
                         net (fo=1, routed)           0.030     9.436    <hidden>
    SLICE_X42Y80         CARRY8 (Prop_CARRY8_SLICEL_CI_CO[7])
                                                      0.065     9.501 r  <hidden>
                         net (fo=1, routed)           0.030     9.531    <hidden>
    SLICE_X42Y81         CARRY8 (Prop_CARRY8_SLICEL_CI_CO[7])
                                                      0.065     9.596 r  <hidden>
                         net (fo=1, routed)           0.030     9.626    <hidden>
    SLICE_X42Y82         CARRY8 (Prop_CARRY8_SLICEL_CI_O[0])
                                                      0.078     9.704 r  <hidden>
                         net (fo=1, routed)           0.032     9.736    <hidden>
    SLICE_X42Y82         FDRE                                         r  <hidden>
  -------------------------------------------------------------------    -------------------

                         (clock clk_pl_0 rise edge)
                                                     10.312    10.312 r  
    PS8_X0Y0             PS8                          0.000    10.312 r  turbovla_kr260_i/ps/inst/PS8_i/PLCLK[0]
                         net (fo=1, routed)           0.181    10.493    turbovla_kr260_i/ps/inst/pl_clk_unbuffered[0]
    BUFG_PS_X0Y80        BUFG_PS (Prop_BUFG_PS_I_O)
                                                      0.035    10.528 r  turbovla_kr260_i/ps/inst/buffer_pl_clk_0.PL_CLK_0_BUFG/O
    X1Y1 (CLOCK_ROOT)    net (fo=37001, routed)       2.704    13.232    <hidden>
    SLICE_X42Y82         FDRE                                         r  <hidden>
                         clock pessimism              0.295    13.527    
                         clock uncertainty           -0.359    13.168    
    SLICE_X42Y82         FDRE (Setup_AFF_SLICEL_C_D)
                                                      0.044    13.212    <hidden>
  -------------------------------------------------------------------
                         required time                         13.212    
                         arrival time                          -9.736    
  -------------------------------------------------------------------
                         slack                                  3.476    





Min Delay Paths
--------------------------------------------------------------------------------------
Slack (MET) :             0.010ns  (arrival time - required time)
  Source:                 turbovla_kr260_i/fusion_action/inst/gmem1_m_axi_U/load_unit_0/tmp_addr_reg[22]/C
                            (rising edge-triggered cell FDRE clocked by clk_pl_0  {rise@0.000ns fall@5.156ns period=10.312ns})
  Destination:            turbovla_kr260_i/fusion_action/inst/gmem1_m_axi_U/bus_read/rreq_burst_conv/burst_sequential/rs_req/data_p2_reg[22]/D
                            (rising edge-triggered cell FDRE clocked by clk_pl_0  {rise@0.000ns fall@5.156ns period=10.312ns})
  Path Group:             clk_pl_0
  Path Type:              Hold (Min at Slow Process Corner)
  Requirement:            0.000ns  (clk_pl_0 rise@0.000ns - clk_pl_0 rise@0.000ns)
  Data Path Delay:        0.245ns  (logic 0.112ns (45.669%)  route 0.133ns (54.331%))
  Logic Levels:           0  
  Clock Path Skew:        0.132ns (DCD - SCD - CPR)
    Destination Clock Delay (DCD):    3.247ns
    Source Clock Delay      (SCD):    2.874ns
    Clock Pessimism Removal (CPR):    0.240ns
  Clock Net Delay (Source):      2.658ns (routing 1.450ns, distribution 1.208ns)
  Clock Net Delay (Destination): 2.980ns (routing 1.584ns, distribution 1.396ns)

    Location             Delay type                Incr(ns)  Path(ns)    Netlist Resource(s)
  -------------------------------------------------------------------    -------------------
                         (clock clk_pl_0 rise edge)
                                                      0.000     0.000 r  
    PS8_X0Y0             PS8                          0.000     0.000 r  turbovla_kr260_i/ps/inst/PS8_i/PLCLK[0]
                         net (fo=1, routed)           0.181     0.181    turbovla_kr260_i/ps/inst/pl_clk_unbuffered[0]
    BUFG_PS_X0Y80        BUFG_PS (Prop_BUFG_PS_I_O)
                                                      0.035     0.216 r  turbovla_kr260_i/ps/inst/buffer_pl_clk_0.PL_CLK_0_BUFG/O
    X1Y1 (CLOCK_ROOT)    net (fo=37001, routed)       2.658     2.874    turbovla_kr260_i/fusion_action/inst/gmem1_m_axi_U/load_unit_0/ap_clk
    SLICE_X27Y165        FDRE                                         r  turbovla_kr260_i/fusion_action/inst/gmem1_m_axi_U/load_unit_0/tmp_addr_reg[22]/C
  -------------------------------------------------------------------    -------------------
    SLICE_X27Y165        FDRE (Prop_FFF_SLICEL_C_Q)
                                                      0.112     2.986 r  turbovla_kr260_i/fusion_action/inst/gmem1_m_axi_U/load_unit_0/tmp_addr_reg[22]/Q
                         net (fo=2, routed)           0.133     3.119    turbovla_kr260_i/fusion_action/inst/gmem1_m_axi_U/bus_read/rreq_burst_conv/burst_sequential/rs_req/data_p2_reg[88]_0[22]
    SLICE_X26Y165        FDRE                                         r  turbovla_kr260_i/fusion_action/inst/gmem1_m_axi_U/bus_read/rreq_burst_conv/burst_sequential/rs_req/data_p2_reg[22]/D
  -------------------------------------------------------------------    -------------------

                         (clock clk_pl_0 rise edge)
                                                      0.000     0.000 r  
    PS8_X0Y0             PS8                          0.000     0.000 r  turbovla_kr260_i/ps/inst/PS8_i/PLCLK[0]
                         net (fo=1, routed)           0.229     0.229    turbovla_kr260_i/ps/inst/pl_clk_unbuffered[0]
    BUFG_PS_X0Y80        BUFG_PS (Prop_BUFG_PS_I_O)
                                                      0.038     0.267 r  turbovla_kr260_i/ps/inst/buffer_pl_clk_0.PL_CLK_0_BUFG/O
    X1Y1 (CLOCK_ROOT)    net (fo=37001, routed)       2.980     3.247    turbovla_kr260_i/fusion_action/inst/gmem1_m_axi_U/bus_read/rreq_burst_conv/burst_sequential/rs_req/ap_clk
    SLICE_X26Y165        FDRE                                         r  turbovla_kr260_i/fusion_action/inst/gmem1_m_axi_U/bus_read/rreq_burst_conv/burst_sequential/rs_req/data_p2_reg[22]/C
                         clock pessimism             -0.240     3.007    
    SLICE_X26Y165        FDRE (Hold_FFF2_SLICEL_C_D)
                                                      0.103     3.110    turbovla_kr260_i/fusion_action/inst/gmem1_m_axi_U/bus_read/rreq_burst_conv/burst_sequential/rs_req/data_p2_reg[22]
  -------------------------------------------------------------------
                         required time                         -3.110    
                         arrival time                           3.119    
  -------------------------------------------------------------------
                         slack                                  0.010    





Pulse Width Checks
--------------------------------------------------------------------------------------
Clock Name:         clk_pl_0
Waveform(ns):       { 0.000 5.156 }
Period(ns):         10.312
Sources:            { turbovla_kr260_i/ps/inst/PS8_i/PLCLK[0] }

Check Type        Corner  Lib Pin       Reference Pin  Required(ns)  Actual(ns)  Slack(ns)  Location  Pin
Min Period        n/a     PS8/PLACECLK  n/a            3.003         10.312      7.309      PS8_X0Y0  turbovla_kr260_i/ps/inst/PS8_i/PLACECLK
Low Pulse Width   Slow    PS8/PLACECLK  n/a            1.502         5.156       3.654      PS8_X0Y0  turbovla_kr260_i/ps/inst/PS8_i/PLACECLK
High Pulse Width  Slow    PS8/PLACECLK  n/a            1.502         5.156       3.654      PS8_X0Y0  turbovla_kr260_i/ps/inst/PS8_i/PLACECLK



