Copyright 1986-2022 Xilinx, Inc. All Rights Reserved. Copyright 2022-2025 Advanced Micro Devices, Inc. All Rights Reserved.
---------------------------------------------------------------------------------------------------------------------------------------------
| Tool Version : Vivado v.2025.1 (lin64) Build 6140274 Wed May 21 22:58:25 MDT 2025
| Date         : Sun Sep 20 18:44:57 2026
| Host         : frank-Legion-T7-34IMZ5 running 64-bit Ubuntu 24.04.5 LTS
| Command      : report_utilization -file /home/frank/shuqian/eda-bench/TurboVLA/hardware/vivado_kr260/build/utilization.rpt
| Design       : turbovla_kr260_wrapper
| Device       : xck26-sfvc784-2LV-c
| Speed File   : -2LV
| Design State : Routed
---------------------------------------------------------------------------------------------------------------------------------------------

Utilization Design Information

Table of Contents
-----------------
1. CLB Logic
1.1 Summary of Registers by Type
2. CLB Logic Distribution
3. BLOCKRAM
4. ARITHMETIC
5. I/O
6. CLOCK
7. ADVANCED
8. CONFIGURATION
9. Primitives
10. Black Boxes
11. Instantiated Netlists

1. CLB Logic
------------

+----------------------------+-------+-------+------------+-----------+-------+
|          Site Type         |  Used | Fixed | Prohibited | Available | Util% |
+----------------------------+-------+-------+------------+-----------+-------+
| CLB LUTs                   | 23282 |     0 |          0 |    117120 | 19.88 |
|   LUT as Logic             | 20234 |     0 |          0 |    117120 | 17.28 |
|   LUT as Memory            |  3048 |     0 |          0 |     57600 |  5.29 |
|     LUT as Distributed RAM |  2236 |     0 |            |           |       |
|     LUT as Shift Register  |   812 |     0 |            |           |       |
| CLB Registers              | 31039 |     0 |          0 |    234240 | 13.25 |
|   Register as Flip Flop    | 31039 |     0 |          0 |    234240 | 13.25 |
|   Register as Latch        |     0 |     0 |          0 |    234240 |  0.00 |
| CARRY8                     |   743 |     0 |          0 |     14640 |  5.08 |
| F7 Muxes                   |   104 |     0 |          0 |     58560 |  0.18 |
| F8 Muxes                   |     1 |     0 |          0 |     29280 | <0.01 |
| F9 Muxes                   |     0 |     0 |          0 |     14640 |  0.00 |
+----------------------------+-------+-------+------------+-----------+-------+
* Warning! LUT value is adjusted to account for LUT combining.


1.1 Summary of Registers by Type
--------------------------------

+-------+--------------+-------------+--------------+
| Total | Clock Enable | Synchronous | Asynchronous |
+-------+--------------+-------------+--------------+
| 0     |            _ |           - |            - |
| 0     |            _ |           - |          Set |
| 0     |            _ |           - |        Reset |
| 0     |            _ |         Set |            - |
| 0     |            _ |       Reset |            - |
| 0     |          Yes |           - |            - |
| 0     |          Yes |           - |          Set |
| 330   |          Yes |           - |        Reset |
| 595   |          Yes |         Set |            - |
| 30114 |          Yes |       Reset |            - |
+-------+--------------+-------------+--------------+


2. CLB Logic Distribution
-------------------------

+--------------------------------------------+-------+-------+------------+-----------+-------+
|                  Site Type                 |  Used | Fixed | Prohibited | Available | Util% |
+--------------------------------------------+-------+-------+------------+-----------+-------+
| CLB                                        |  4508 |     0 |          0 |     14640 | 30.79 |
|   CLBL                                     |  1882 |     0 |            |           |       |
|   CLBM                                     |  2626 |     0 |            |           |       |
| LUT as Logic                               | 20234 |     0 |          0 |    117120 | 17.28 |
|   using O5 output only                     |   668 |       |            |           |       |
|   using O6 output only                     | 13898 |       |            |           |       |
|   using O5 and O6                          |  5668 |       |            |           |       |
| LUT as Memory                              |  3048 |     0 |          0 |     57600 |  5.29 |
|   LUT as Distributed RAM                   |  2236 |     0 |            |           |       |
|     using O5 output only                   |     0 |       |            |           |       |
|     using O6 output only                   |    36 |       |            |           |       |
|     using O5 and O6                        |  2200 |       |            |           |       |
|   LUT as Shift Register                    |   812 |     0 |            |           |       |
|     using O5 output only                   |     0 |       |            |           |       |
|     using O6 output only                   |   275 |       |            |           |       |
|     using O5 and O6                        |   537 |       |            |           |       |
| CLB Registers                              | 31039 |     0 |          0 |    234240 | 13.25 |
|   Register driven from within the CLB      | 20437 |       |            |           |       |
|   Register driven from outside the CLB     | 10602 |       |            |           |       |
|     LUT in front of the register is unused |  7116 |       |            |           |       |
|     LUT in front of the register is used   |  3486 |       |            |           |       |
| Unique Control Sets                        |  1291 |       |          0 |     29280 |  4.41 |
+--------------------------------------------+-------+-------+------------+-----------+-------+
* * Note: Available Control Sets calculated as Slices * 2, Review the Control Sets Report for more information regarding control sets.


3. BLOCKRAM
-----------

+-------------------+------+-------+------------+-----------+-------+
|     Site Type     | Used | Fixed | Prohibited | Available | Util% |
+-------------------+------+-------+------------+-----------+-------+
| Block RAM Tile    |  7.5 |     0 |          0 |       144 |  5.21 |
|   RAMB36/FIFO*    |    3 |     0 |          0 |       144 |  2.08 |
|     RAMB36E2 only |    3 |       |            |           |       |
|   RAMB18          |    9 |     0 |          0 |       288 |  3.13 |
|     RAMB18E2 only |    9 |       |            |           |       |
| URAM              |    0 |     0 |          0 |        64 |  0.00 |
+-------------------+------+-------+------------+-----------+-------+
* Note: Each Block RAM Tile only has one FIFO logic available and therefore can accommodate only one FIFO36E2 or one FIFO18E2. However, if a FIFO18E2 occupies a Block RAM Tile, that tile can still accommodate a RAMB18E2


4. ARITHMETIC
-------------

+----------------+------+-------+------------+-----------+-------+
|    Site Type   | Used | Fixed | Prohibited | Available | Util% |
+----------------+------+-------+------------+-----------+-------+
| DSPs           |   25 |     0 |          0 |      1248 |  2.00 |
|   DSP48E2 only |   25 |       |            |           |       |
+----------------+------+-------+------------+-----------+-------+


5. I/O
------

+------------------+------+-------+------------+-----------+-------+
|     Site Type    | Used | Fixed | Prohibited | Available | Util% |
+------------------+------+-------+------------+-----------+-------+
| Bonded IOB       |    0 |     0 |          0 |       189 |  0.00 |
|   HPIOB_M        |    0 |     0 |          0 |        58 |  0.00 |
|   HPIOB_S        |    0 |     0 |          0 |        58 |  0.00 |
|   HDIOB_M        |    0 |     0 |          0 |        35 |  0.00 |
|   HDIOB_S        |    0 |     0 |          0 |        35 |  0.00 |
|   HPIOB_SNGL     |    0 |     0 |          0 |         3 |  0.00 |
| HPIOBDIFFINBUF   |    0 |     0 |          0 |        82 |  0.00 |
| HPIOBDIFFOUTBUF  |    0 |     0 |          0 |        82 |  0.00 |
| HDIOBDIFFINBUF   |    0 |     0 |          0 |        35 |  0.00 |
| BITSLICE_CONTROL |    0 |     0 |          0 |        32 |  0.00 |
| BITSLICE_RX_TX   |    0 |     0 |          0 |      1248 |  0.00 |
| BITSLICE_TX      |    0 |     0 |          0 |        32 |  0.00 |
| RIU_OR           |    0 |     0 |          0 |        16 |  0.00 |
+------------------+------+-------+------------+-----------+-------+


6. CLOCK
--------

+------------+------+-------+------------+-----------+-------+
|  Site Type | Used | Fixed | Prohibited | Available | Util% |
+------------+------+-------+------------+-----------+-------+
| BUFGCE     |    3 |     0 |          0 |       112 |  2.68 |
| BUFGCE_DIV |    0 |     0 |          0 |        16 |  0.00 |
| BUFG_GT    |    0 |     0 |          0 |        96 |  0.00 |
| BUFG_PS    |    1 |     0 |          0 |        96 |  1.04 |
| BUFGCTRL*  |    0 |     0 |          0 |        32 |  0.00 |
| PLL        |    0 |     0 |          0 |         8 |  0.00 |
| MMCM       |    0 |     0 |          0 |         4 |  0.00 |
+------------+------+-------+------------+-----------+-------+
* Note: Each used BUFGCTRL counts as two GLOBAL CLOCK BUFFERs. This table does not include global clocking resources, only buffer cell usage. See the Clock Utilization Report (report_clock_utilization) for detailed accounting of global clocking resource availability.


7. ADVANCED
-----------

+-----------------+------+-------+------------+-----------+--------+
|    Site Type    | Used | Fixed | Prohibited | Available |  Util% |
+-----------------+------+-------+------------+-----------+--------+
| GTHE4_CHANNEL   |    0 |     0 |          0 |         4 |   0.00 |
| GTHE4_COMMON    |    0 |     0 |          0 |         1 |   0.00 |
| OBUFDS_GTE4     |    0 |     0 |          0 |         2 |   0.00 |
| OBUFDS_GTE4_ADV |    0 |     0 |          0 |         2 |   0.00 |
| PCIE40E4        |    0 |     0 |          0 |         2 |   0.00 |
| PS8             |    1 |     0 |          0 |         1 | 100.00 |
| SYSMONE4        |    0 |     0 |          0 |         1 |   0.00 |
| VCU             |    0 |     0 |          0 |         1 |   0.00 |
+-----------------+------+-------+------------+-----------+--------+


8. CONFIGURATION
----------------

+-------------+------+-------+------------+-----------+-------+
|  Site Type  | Used | Fixed | Prohibited | Available | Util% |
+-------------+------+-------+------------+-----------+-------+
| BSCANE2     |    0 |     0 |          0 |         4 |  0.00 |
| DNA_PORTE2  |    0 |     0 |          0 |         1 |  0.00 |
| EFUSE_USR   |    0 |     0 |          0 |         1 |  0.00 |
| FRAME_ECCE4 |    0 |     0 |          0 |         1 |  0.00 |
| ICAPE3      |    0 |     0 |          0 |         2 |  0.00 |
| MASTER_JTAG |    0 |     0 |          0 |         1 |  0.00 |
| STARTUPE3   |    0 |     0 |          0 |         1 |  0.00 |
+-------------+------+-------+------------+-----------+-------+


9. Primitives
-------------

+----------+-------+---------------------+
| Ref Name |  Used | Functional Category |
+----------+-------+---------------------+
| FDRE     | 30114 |            Register |
| LUT3     |  8158 |                 CLB |
| LUT6     |  5018 |                 CLB |
| LUT4     |  4702 |                 CLB |
| RAMD32   |  3852 |                 CLB |
| LUT5     |  3628 |                 CLB |
| LUT2     |  3264 |                 CLB |
| SRL16E   |  1304 |                 CLB |
| LUT1     |  1132 |                 CLB |
| CARRY8   |   743 |                 CLB |
| FDSE     |   595 |            Register |
| RAMS32   |   552 |                 CLB |
| FDCE     |   330 |            Register |
| MUXF7    |   104 |                 CLB |
| SRLC32E  |    45 |                 CLB |
| RAMS64E  |    32 |                 CLB |
| DSP48E2  |    25 |          Arithmetic |
| RAMB18E2 |     9 |            BLOCKRAM |
| RAMB36E2 |     3 |            BLOCKRAM |
| BUFGCE   |     3 |               Clock |
| PS8      |     1 |            Advanced |
| MUXF8    |     1 |                 CLB |
| BUFG_PS  |     1 |               Clock |
+----------+-------+---------------------+


10. Black Boxes
---------------

+----------+------+
| Ref Name | Used |
+----------+------+


11. Instantiated Netlists
-------------------------

+--------------------------------------+------+
|               Ref Name               | Used |
+--------------------------------------+------+
| turbovla_kr260_smartconnect_0        |    1 |
| turbovla_kr260_ps_0                  |    1 |
| turbovla_kr260_proc_sys_reset_0      |    1 |
| turbovla_kr260_memory_smartconnect_0 |    1 |
| turbovla_kr260_gemm_0                |    1 |
| turbovla_kr260_fusion_action_0       |    1 |
| turbovla_kr260_axi_dma_0             |    1 |
+--------------------------------------+------+


