

================================================================
== Vitis HLS Report for 'turbovla_lite_e2e'
================================================================
* Date:           Tue Sep 22 02:19:08 2026

* Version:        2025.1 (Build 6135595 on May 21 2025)
* Project:        e2e
* Solution:       e2e_solution (Vivado IP Flow Target)
* Product family: zynquplus
* Target device:  xck26-sfvc784-2LV-c


================================================================
== Performance Estimates
================================================================
+ Timing: 
    * Summary: 
    +--------+---------+----------+------------+
    |  Clock |  Target | Estimated| Uncertainty|
    +--------+---------+----------+------------+
    |ap_clk  |  5.00 ns|  3.798 ns|     1.35 ns|
    +--------+---------+----------+------------+

+ Latency: 
    * Summary: 
    +---------+---------+----------+-----------+-----+---------+---------+
    |  Latency (cycles) |  Latency (absolute)  |    Interval   | Pipeline|
    |   min   |   max   |    min   |    max    | min |   max   |   Type  |
    +---------+---------+----------+-----------+-----+---------+---------+
    |       31|  3817800|  0.155 us|  19.089 ms|   32|  3817801|       no|
    +---------+---------+----------+-----------+-----+---------+---------+

    + Detail: 
        * Instance: 
        +---------------+-------+---------+---------+----------+-----------+-----+---------+---------+
        |               |       |  Latency (cycles) |  Latency (absolute)  |    Interval   | Pipeline|
        |    Instance   | Module|   min   |   max   |    min   |    max    | min |   max   |   Type  |
        +---------------+-------+---------+---------+----------+-----------+-----+---------+---------+
        |grp_run_fu_62  |run    |       29|  3817798|  0.145 us|  19.089 ms|   29|  3817798|       no|
        +---------------+-------+---------+---------+----------+-----------+-----+---------+---------+

        * Loop: 
        N/A



================================================================
== Utilization Estimates
================================================================
* Summary: 
+-----------------+---------+------+--------+--------+-----+
|       Name      | BRAM_18K|  DSP |   FF   |   LUT  | URAM|
+-----------------+---------+------+--------+--------+-----+
|DSP              |        -|     -|       -|       -|    -|
|Expression       |        -|     -|       -|       -|    -|
|FIFO             |        -|     -|       -|       -|    -|
|Instance         |       24|   148|   41078|   50142|    0|
|Memory           |        -|     -|       -|       -|    -|
|Multiplexer      |        -|     -|       0|      65|    -|
|Register         |        -|     -|      68|       -|    -|
+-----------------+---------+------+--------+--------+-----+
|Total            |       24|   148|   41146|   50207|    0|
+-----------------+---------+------+--------+--------+-----+
|Available        |      288|  1248|  234240|  117120|   64|
+-----------------+---------+------+--------+--------+-----+
|Utilization (%)  |        8|    11|      17|      42|    0|
+-----------------+---------+------+--------+--------+-----+

+ Detail: 
    * Instance: 
    +-----------------+---------------+---------+-----+-------+-------+-----+
    |     Instance    |     Module    | BRAM_18K| DSP |   FF  |  LUT  | URAM|
    +-----------------+---------------+---------+-----+-------+-------+-----+
    |control_s_axi_U  |control_s_axi  |        0|    0|    138|    232|    0|
    |gmem0_m_axi_U    |gmem0_m_axi    |        2|    0|    770|    723|    0|
    |grp_run_fu_62    |run            |       22|  148|  40170|  49187|    0|
    +-----------------+---------------+---------+-----+-------+-------+-----+
    |Total            |               |       24|  148|  41078|  50142|    0|
    +-----------------+---------------+---------+-----+-------+-------+-----+

    * DSP: 
    N/A

    * Memory: 
    N/A

    * FIFO: 
    N/A

    * Expression: 
    N/A

    * Multiplexer: 
    +-----------------+----+-----------+-----+-----------+
    |       Name      | LUT| Input Size| Bits| Total Bits|
    +-----------------+----+-----------+-----+-----------+
    |ap_NS_fsm        |  20|          4|    1|          4|
    |gmem0_0_ARVALID  |   9|          2|    1|          2|
    |gmem0_0_AWVALID  |   9|          2|    1|          2|
    |gmem0_0_BREADY   |   9|          2|    1|          2|
    |gmem0_0_RREADY   |   9|          2|    1|          2|
    |gmem0_0_WVALID   |   9|          2|    1|          2|
    +-----------------+----+-----------+-----+-----------+
    |Total            |  65|         14|    6|         14|
    +-----------------+----+-----------+-----+-----------+

    * Register: 
    +----------------------------+----+----+-----+-----------+
    |            Name            | FF | LUT| Bits| Const Bits|
    +----------------------------+----+----+-----+-----------+
    |ap_CS_fsm                   |   3|   0|    3|          0|
    |arena_read_reg_83           |  64|   0|   64|          0|
    |grp_run_fu_62_ap_start_reg  |   1|   0|    1|          0|
    +----------------------------+----+----+-----+-----------+
    |Total                       |  68|   0|   68|          0|
    +----------------------------+----+----+-----+-----------+



================================================================
== Interface
================================================================
* Summary: 
+-----------------------+-----+-----+------------+-------------------+--------------+
|       RTL Ports       | Dir | Bits|  Protocol  |   Source Object   |    C Type    |
+-----------------------+-----+-----+------------+-------------------+--------------+
|s_axi_control_AWVALID  |   in|    1|       s_axi|            control|        scalar|
|s_axi_control_AWREADY  |  out|    1|       s_axi|            control|        scalar|
|s_axi_control_AWADDR   |   in|    6|       s_axi|            control|        scalar|
|s_axi_control_WVALID   |   in|    1|       s_axi|            control|        scalar|
|s_axi_control_WREADY   |  out|    1|       s_axi|            control|        scalar|
|s_axi_control_WDATA    |   in|   32|       s_axi|            control|        scalar|
|s_axi_control_WSTRB    |   in|    4|       s_axi|            control|        scalar|
|s_axi_control_ARVALID  |   in|    1|       s_axi|            control|        scalar|
|s_axi_control_ARREADY  |  out|    1|       s_axi|            control|        scalar|
|s_axi_control_ARADDR   |   in|    6|       s_axi|            control|        scalar|
|s_axi_control_RVALID   |  out|    1|       s_axi|            control|        scalar|
|s_axi_control_RREADY   |   in|    1|       s_axi|            control|        scalar|
|s_axi_control_RDATA    |  out|   32|       s_axi|            control|        scalar|
|s_axi_control_RRESP    |  out|    2|       s_axi|            control|        scalar|
|s_axi_control_BVALID   |  out|    1|       s_axi|            control|        scalar|
|s_axi_control_BREADY   |   in|    1|       s_axi|            control|        scalar|
|s_axi_control_BRESP    |  out|    2|       s_axi|            control|        scalar|
|ap_clk                 |   in|    1|  ap_ctrl_hs|  turbovla_lite_e2e|  return value|
|ap_rst_n               |   in|    1|  ap_ctrl_hs|  turbovla_lite_e2e|  return value|
|interrupt              |  out|    1|  ap_ctrl_hs|  turbovla_lite_e2e|  return value|
|m_axi_gmem0_AWVALID    |  out|    1|       m_axi|              gmem0|       pointer|
|m_axi_gmem0_AWREADY    |   in|    1|       m_axi|              gmem0|       pointer|
|m_axi_gmem0_AWADDR     |  out|   64|       m_axi|              gmem0|       pointer|
|m_axi_gmem0_AWID       |  out|    1|       m_axi|              gmem0|       pointer|
|m_axi_gmem0_AWLEN      |  out|    8|       m_axi|              gmem0|       pointer|
|m_axi_gmem0_AWSIZE     |  out|    3|       m_axi|              gmem0|       pointer|
|m_axi_gmem0_AWBURST    |  out|    2|       m_axi|              gmem0|       pointer|
|m_axi_gmem0_AWLOCK     |  out|    2|       m_axi|              gmem0|       pointer|
|m_axi_gmem0_AWCACHE    |  out|    4|       m_axi|              gmem0|       pointer|
|m_axi_gmem0_AWPROT     |  out|    3|       m_axi|              gmem0|       pointer|
|m_axi_gmem0_AWQOS      |  out|    4|       m_axi|              gmem0|       pointer|
|m_axi_gmem0_AWREGION   |  out|    4|       m_axi|              gmem0|       pointer|
|m_axi_gmem0_AWUSER     |  out|    1|       m_axi|              gmem0|       pointer|
|m_axi_gmem0_WVALID     |  out|    1|       m_axi|              gmem0|       pointer|
|m_axi_gmem0_WREADY     |   in|    1|       m_axi|              gmem0|       pointer|
|m_axi_gmem0_WDATA      |  out|   32|       m_axi|              gmem0|       pointer|
|m_axi_gmem0_WSTRB      |  out|    4|       m_axi|              gmem0|       pointer|
|m_axi_gmem0_WLAST      |  out|    1|       m_axi|              gmem0|       pointer|
|m_axi_gmem0_WID        |  out|    1|       m_axi|              gmem0|       pointer|
|m_axi_gmem0_WUSER      |  out|    1|       m_axi|              gmem0|       pointer|
|m_axi_gmem0_ARVALID    |  out|    1|       m_axi|              gmem0|       pointer|
|m_axi_gmem0_ARREADY    |   in|    1|       m_axi|              gmem0|       pointer|
|m_axi_gmem0_ARADDR     |  out|   64|       m_axi|              gmem0|       pointer|
|m_axi_gmem0_ARID       |  out|    1|       m_axi|              gmem0|       pointer|
|m_axi_gmem0_ARLEN      |  out|    8|       m_axi|              gmem0|       pointer|
|m_axi_gmem0_ARSIZE     |  out|    3|       m_axi|              gmem0|       pointer|
|m_axi_gmem0_ARBURST    |  out|    2|       m_axi|              gmem0|       pointer|
|m_axi_gmem0_ARLOCK     |  out|    2|       m_axi|              gmem0|       pointer|
|m_axi_gmem0_ARCACHE    |  out|    4|       m_axi|              gmem0|       pointer|
|m_axi_gmem0_ARPROT     |  out|    3|       m_axi|              gmem0|       pointer|
|m_axi_gmem0_ARQOS      |  out|    4|       m_axi|              gmem0|       pointer|
|m_axi_gmem0_ARREGION   |  out|    4|       m_axi|              gmem0|       pointer|
|m_axi_gmem0_ARUSER     |  out|    1|       m_axi|              gmem0|       pointer|
|m_axi_gmem0_RVALID     |   in|    1|       m_axi|              gmem0|       pointer|
|m_axi_gmem0_RREADY     |  out|    1|       m_axi|              gmem0|       pointer|
|m_axi_gmem0_RDATA      |   in|   32|       m_axi|              gmem0|       pointer|
|m_axi_gmem0_RLAST      |   in|    1|       m_axi|              gmem0|       pointer|
|m_axi_gmem0_RID        |   in|    1|       m_axi|              gmem0|       pointer|
|m_axi_gmem0_RUSER      |   in|    1|       m_axi|              gmem0|       pointer|
|m_axi_gmem0_RRESP      |   in|    2|       m_axi|              gmem0|       pointer|
|m_axi_gmem0_BVALID     |   in|    1|       m_axi|              gmem0|       pointer|
|m_axi_gmem0_BREADY     |  out|    1|       m_axi|              gmem0|       pointer|
|m_axi_gmem0_BRESP      |   in|    2|       m_axi|              gmem0|       pointer|
|m_axi_gmem0_BID        |   in|    1|       m_axi|              gmem0|       pointer|
|m_axi_gmem0_BUSER      |   in|    1|       m_axi|              gmem0|       pointer|
+-----------------------+-----+-----+------------+-------------------+--------------+

