Copyright 1986-2022 Xilinx, Inc. All Rights Reserved. Copyright 2022-2025 Advanced Micro Devices, Inc. All Rights Reserved.
---------------------------------------------------------------------------------------------------------------------------------------------
| Tool Version : Vivado v.2025.1 (lin64) Build 6140274 Wed May 21 22:58:25 MDT 2025
| Date         : Tue Sep 22 03:02:01 2026
| Host         : frank-ubuntu-desktop running 64-bit Ubuntu 22.04.5 LTS
| Command      : report_utilization -file /home/frank/TurboVLA-codex-T015-b3761ce/hardware/vivado_kr260/build/utilization.rpt
| Design       : turbovla_kr260_wrapper
| Device       : xck26-sfvc784-2LV-c
| Speed File   : -2LV
| Design State : Physopt postRoute
---------------------------------------------------------------------------------------------------------------------------------------------

Utilization Design Information

Table of Contents
-----------------
1. CLB Logic
1.1 Summary of Registers by Type
2. CLB Logic Distribution
3. BLOCKRAM
4. ARITHMETIC
5. I/O
6. CLOCK
7. ADVANCED
8. CONFIGURATION
9. Primitives
10. Black Boxes
11. Instantiated Netlists

1. CLB Logic
------------

+----------------------------+-------+-------+------------+-----------+-------+
|          Site Type         |  Used | Fixed | Prohibited | Available | Util% |
+----------------------------+-------+-------+------------+-----------+-------+
| CLB LUTs                   | 34232 |     0 |          0 |    117120 | 29.23 |
|   LUT as Logic             | 32572 |     0 |          0 |    117120 | 27.81 |
|   LUT as Memory            |  1660 |     0 |          0 |     57600 |  2.88 |
|     LUT as Distributed RAM |   816 |     0 |            |           |       |
|     LUT as Shift Register  |   844 |     0 |            |           |       |
| CLB Registers              | 38758 |     0 |          0 |    234240 | 16.55 |
|   Register as Flip Flop    | 38758 |     0 |          0 |    234240 | 16.55 |
|   Register as Latch        |     0 |     0 |          0 |    234240 |  0.00 |
| CARRY8                     |  2995 |     0 |          0 |     14640 | 20.46 |
| F7 Muxes                   |   557 |     0 |          0 |     58560 |  0.95 |
| F8 Muxes                   |     3 |     0 |          0 |     29280 |  0.01 |
| F9 Muxes                   |     0 |     0 |          0 |     14640 |  0.00 |
+----------------------------+-------+-------+------------+-----------+-------+
* Warning! LUT value is adjusted to account for LUT combining.


1.1 Summary of Registers by Type
--------------------------------

+-------+--------------+-------------+--------------+
| Total | Clock Enable | Synchronous | Asynchronous |
+-------+--------------+-------------+--------------+
| 0     |            _ |           - |            - |
| 0     |            _ |           - |          Set |
| 0     |            _ |           - |        Reset |
| 0     |            _ |         Set |            - |
| 0     |            _ |       Reset |            - |
| 0     |          Yes |           - |            - |
| 0     |          Yes |           - |          Set |
| 54    |          Yes |           - |        Reset |
| 154   |          Yes |         Set |            - |
| 38550 |          Yes |       Reset |            - |
+-------+--------------+-------------+--------------+


2. CLB Logic Distribution
-------------------------

+--------------------------------------------+-------+-------+------------+-----------+-------+
|                  Site Type                 |  Used | Fixed | Prohibited | Available | Util% |
+--------------------------------------------+-------+-------+------------+-----------+-------+
| CLB                                        |  7674 |     0 |          0 |     14640 | 52.42 |
|   CLBL                                     |  4043 |     0 |            |           |       |
|   CLBM                                     |  3631 |     0 |            |           |       |
| LUT as Logic                               | 32572 |     0 |          0 |    117120 | 27.81 |
|   using O5 output only                     |   360 |       |            |           |       |
|   using O6 output only                     | 27133 |       |            |           |       |
|   using O5 and O6                          |  5079 |       |            |           |       |
| LUT as Memory                              |  1660 |     0 |          0 |     57600 |  2.88 |
|   LUT as Distributed RAM                   |   816 |     0 |            |           |       |
|     using O5 output only                   |     0 |       |            |           |       |
|     using O6 output only                   |   464 |       |            |           |       |
|     using O5 and O6                        |   352 |       |            |           |       |
|   LUT as Shift Register                    |   844 |     0 |            |           |       |
|     using O5 output only                   |     0 |       |            |           |       |
|     using O6 output only                   |   580 |       |            |           |       |
|     using O5 and O6                        |   264 |       |            |           |       |
| CLB Registers                              | 38758 |     0 |          0 |    234240 | 16.55 |
|   Register driven from within the CLB      | 23545 |       |            |           |       |
|   Register driven from outside the CLB     | 15213 |       |            |           |       |
|     LUT in front of the register is unused |  8821 |       |            |           |       |
|     LUT in front of the register is used   |  6392 |       |            |           |       |
| Unique Control Sets                        |  1059 |       |          0 |     29280 |  3.62 |
+--------------------------------------------+-------+-------+------------+-----------+-------+
* * Note: Available Control Sets calculated as Slices * 2, Review the Control Sets Report for more information regarding control sets.


3. BLOCKRAM
-----------

+-------------------+------+-------+------------+-----------+-------+
|     Site Type     | Used | Fixed | Prohibited | Available | Util% |
+-------------------+------+-------+------------+-----------+-------+
| Block RAM Tile    |  7.5 |     0 |          0 |       144 |  5.21 |
|   RAMB36/FIFO*    |    4 |     0 |          0 |       144 |  2.78 |
|     RAMB36E2 only |    4 |       |            |           |       |
|   RAMB18          |    7 |     0 |          0 |       288 |  2.43 |
|     RAMB18E2 only |    7 |       |            |           |       |
| URAM              |    0 |     0 |          0 |        64 |  0.00 |
+-------------------+------+-------+------------+-----------+-------+
* Note: Each Block RAM Tile only has one FIFO logic available and therefore can accommodate only one FIFO36E2 or one FIFO18E2. However, if a FIFO18E2 occupies a Block RAM Tile, that tile can still accommodate a RAMB18E2


4. ARITHMETIC
-------------

+----------------+------+-------+------------+-----------+-------+
|    Site Type   | Used | Fixed | Prohibited | Available | Util% |
+----------------+------+-------+------------+-----------+-------+
| DSPs           |  168 |     0 |          0 |      1248 | 13.46 |
|   DSP48E2 only |  168 |       |            |           |       |
+----------------+------+-------+------------+-----------+-------+


5. I/O
------

+------------------+------+-------+------------+-----------+-------+
|     Site Type    | Used | Fixed | Prohibited | Available | Util% |
+------------------+------+-------+------------+-----------+-------+
| Bonded IOB       |    0 |     0 |          0 |       189 |  0.00 |
|   HPIOB_M        |    0 |     0 |          0 |        58 |  0.00 |
|   HPIOB_S        |    0 |     0 |          0 |        58 |  0.00 |
|   HDIOB_M        |    0 |     0 |          0 |        35 |  0.00 |
|   HDIOB_S        |    0 |     0 |          0 |        35 |  0.00 |
|   HPIOB_SNGL     |    0 |     0 |          0 |         3 |  0.00 |
| HPIOBDIFFINBUF   |    0 |     0 |          0 |        82 |  0.00 |
| HPIOBDIFFOUTBUF  |    0 |     0 |          0 |        82 |  0.00 |
| HDIOBDIFFINBUF   |    0 |     0 |          0 |        35 |  0.00 |
| BITSLICE_CONTROL |    0 |     0 |          0 |        32 |  0.00 |
| BITSLICE_RX_TX   |    0 |     0 |          0 |      1248 |  0.00 |
| BITSLICE_TX      |    0 |     0 |          0 |        32 |  0.00 |
| RIU_OR           |    0 |     0 |          0 |        16 |  0.00 |
+------------------+------+-------+------------+-----------+-------+


6. CLOCK
--------

+------------+------+-------+------------+-----------+-------+
|  Site Type | Used | Fixed | Prohibited | Available | Util% |
+------------+------+-------+------------+-----------+-------+
| BUFGCE     |    1 |     0 |          0 |       112 |  0.89 |
| BUFGCE_DIV |    0 |     0 |          0 |        16 |  0.00 |
| BUFG_GT    |    0 |     0 |          0 |        96 |  0.00 |
| BUFG_PS    |    1 |     0 |          0 |        96 |  1.04 |
| BUFGCTRL*  |    0 |     0 |          0 |        32 |  0.00 |
| PLL        |    0 |     0 |          0 |         8 |  0.00 |
| MMCM       |    0 |     0 |          0 |         4 |  0.00 |
+------------+------+-------+------------+-----------+-------+
* Note: Each used BUFGCTRL counts as two GLOBAL CLOCK BUFFERs. This table does not include global clocking resources, only buffer cell usage. See the Clock Utilization Report (report_clock_utilization) for detailed accounting of global clocking resource availability.


7. ADVANCED
-----------

+-----------------+------+-------+------------+-----------+--------+
|    Site Type    | Used | Fixed | Prohibited | Available |  Util% |
+-----------------+------+-------+------------+-----------+--------+
| GTHE4_CHANNEL   |    0 |     0 |          0 |         4 |   0.00 |
| GTHE4_COMMON    |    0 |     0 |          0 |         1 |   0.00 |
| OBUFDS_GTE4     |    0 |     0 |          0 |         2 |   0.00 |
| OBUFDS_GTE4_ADV |    0 |     0 |          0 |         2 |   0.00 |
| PCIE40E4        |    0 |     0 |          0 |         2 |   0.00 |
| PS8             |    1 |     0 |          0 |         1 | 100.00 |
| SYSMONE4        |    0 |     0 |          0 |         1 |   0.00 |
| VCU             |    0 |     0 |          0 |         1 |   0.00 |
+-----------------+------+-------+------------+-----------+--------+


8. CONFIGURATION
----------------

+-------------+------+-------+------------+-----------+-------+
|  Site Type  | Used | Fixed | Prohibited | Available | Util% |
+-------------+------+-------+------------+-----------+-------+
| BSCANE2     |    0 |     0 |          0 |         4 |  0.00 |
| DNA_PORTE2  |    0 |     0 |          0 |         1 |  0.00 |
| EFUSE_USR   |    0 |     0 |          0 |         1 |  0.00 |
| FRAME_ECCE4 |    0 |     0 |          0 |         1 |  0.00 |
| ICAPE3      |    0 |     0 |          0 |         2 |  0.00 |
| MASTER_JTAG |    0 |     0 |          0 |         1 |  0.00 |
| STARTUPE3   |    0 |     0 |          0 |         1 |  0.00 |
+-------------+------+-------+------------+-----------+-------+


9. Primitives
-------------

+----------+-------+---------------------+
| Ref Name |  Used | Functional Category |
+----------+-------+---------------------+
| FDRE     | 38550 |            Register |
| LUT6     | 12343 |                 CLB |
| LUT2     |  7891 |                 CLB |
| LUT3     |  7074 |                 CLB |
| LUT5     |  5356 |                 CLB |
| LUT4     |  3825 |                 CLB |
| CARRY8   |  2995 |                 CLB |
| LUT1     |  1162 |                 CLB |
| SRL16E   |   959 |                 CLB |
| RAMD32   |   562 |                 CLB |
| MUXF7    |   557 |                 CLB |
| RAMD64E  |   272 |                 CLB |
| RAMS64E  |   192 |                 CLB |
| DSP48E2  |   168 |          Arithmetic |
| FDSE     |   154 |            Register |
| SRLC32E  |   149 |                 CLB |
| RAMS32   |   142 |                 CLB |
| FDCE     |    54 |            Register |
| RAMB18E2 |     7 |            BLOCKRAM |
| RAMB36E2 |     4 |            BLOCKRAM |
| MUXF8    |     3 |                 CLB |
| PS8      |     1 |            Advanced |
| BUFG_PS  |     1 |               Clock |
| BUFGCE   |     1 |               Clock |
+----------+-------+---------------------+


10. Black Boxes
---------------

+----------+------+
| Ref Name | Used |
+----------+------+


11. Instantiated Netlists
-------------------------

+---------------------------------------+------+
|                Ref Name               | Used |
+---------------------------------------+------+
| turbovla_kr260_ps_0                   |    1 |
| turbovla_kr260_proc_sys_reset_0       |    1 |
| turbovla_kr260_memory_smartconnect_0  |    1 |
| turbovla_kr260_inference_0            |    1 |
| turbovla_kr260_control_smartconnect_0 |    1 |
+---------------------------------------+------+


